// Jest Snapshot v1, https://goo.gl/fbAQLP

exports[`Test ChannelIntro page Test Channel intro content if data is succssfully fetched channel intro content should match snapshot 1`] = `
<div>
  <!---->
  <!---->
  <div id="app-channel-intro" class="ui segments">
    <div class="ui segment">
      <p><i class="calendar plus icon"></i>
        Published on 18 Jun, 2008
      </p>
    </div>
    <div class="ui segment">
      <p><i class="file alternate icon"></i>
        Description -
        Learn how to speak English with the BBC. Every day we have a new video to help you learn the English language. We also produce regular 'extra' videos across the week so come back every day to see what's new.

        We like receiving and reading your comments - please use English when you comment.

        For more videos and content that will help you learn English, visit our website: http://www.bbclearningenglish.com
      </p>
    </div>
    <div class="ui segment">
      <p><i class="users icon"></i>
        2,850,000
        subscribers
      </p>
    </div>
    <div class="ui segment">
      <p><i class="eye icon"></i>
        138,098,330 views
      </p>
    </div>
  </div>
</div>
`;
