// Jest Snapshot v1, https://goo.gl/fbAQLP

exports[`Test not found page should match snapshot 1`] = `
<div>
  <app-blank-stub></app-blank-stub>
  <div class="ui red message">
    <app-blank-stub></app-blank-stub>
    <div class="ui header aligned center">The page you requested doesn't exist.</div>
    <app-blank-stub></app-blank-stub>
    <div class="ui header aligned center"><a class="ui red basic button">Back to Home</a></div>
    <app-blank-stub></app-blank-stub>
  </div>
</div>
`;
