// Jest Snapshot v1, https://goo.gl/fbAQLP

exports[`Test ChannelResultItem component should match snapshot 1`] = `
<div class="ui items">
  <div class="ui item"><a class="ui small image circular"><img src="https://yt3.ggpht.com/-Fgp8KFpgQqE/AAAAAAAAAAI/AAAAAAAAAAA/Wyh1vV5Up0I/s240-c-k-no-mo-rj-c0xffffff/photo.jpg" title="Google Developers"></a>
    <div class="content"><a class="header">Google Developers</a>
      <div class="description">The Google Developers channel features talks from events, educational series, best practices, tips, and the latest updates across our products and platforms.</div>
    </div>
  </div>
</div>
`;
