// Jest Snapshot v1, https://goo.gl/fbAQLP

exports[`Test PlaylistGridItem component should match snapshot 1`] = `
<div class="ui card centered" style="width: 100%; height: 100%; margin: 0px;"><a class="image"><img src="https://i.ytimg.com/vi/f0jETLKTW7w/mqdefault.jpg" alt="TED Connects: Community and Hope"></a>
  <div class="content"><a class="header">TED Connects: Community and Hope</a>
    <div class="ui blue label tiny" style="margin-left: 0px; margin-top: 3px;">
      15
      <span>videos</span></div>
  </div>
</div>
`;
