// Jest Snapshot v1, https://goo.gl/fbAQLP

exports[`Test VideoGridItem component should match snapshot 1`] = `
<div class="ui card app-video-card"><a class="image"><img src="https://test-thumbnail-medium-url.mock" alt="Mock video title item1" title="Mock video title item1"></a>
  <div class="content">
    <div class="header app-video-title"><a title="Mock video title item1">Mock video title item1</a></div>
    <div class="meta"><a>Ford Motor Company</a></div>
  </div>
  <div class="extra content"><span><i class="calendar icon"></i>
      14 Jul, 2020
    </span> <span class="right floated"><i class="eye icon"></i>
      1,766,115
    </span></div>
</div>
`;
