// Jest Snapshot v1, https://goo.gl/fbAQLP

exports[`Test VideoInfo component should match snapshot 1`] = `
<div>
  <app-blank-stub></app-blank-stub>
  <div class="ui unstackable items">
    <div class="item">
      <div class="content">
        <h2 class="ui blue header">
          Mock video title item1
        </h2>
        <div style="margin-bottom: 8px;"></div> <a>
          Ford Motor Company
        </a>
        <div style="margin-bottom: 12px;"></div>
        <div class="meta"><span><i class="calendar plus icon"></i>
            14 Jul, 2020
            <span style="margin-right: 8px;"></span> <i class="eye icon"></i>
          1,766,115
          </span> <span class="ui right floated"><i class="thumbs up icon"></i>
            36,139
            <span style="margin-right: 8px;"></span> <i class="thumbs down icon"></i>
          1,372
          </span></div>
        <app-breakline-stub></app-breakline-stub>
        <div class="description" style="overflow: auto;">Mock channel description item1</div>
      </div>
    </div>
  </div>
</div>
`;
