// Jest Snapshot v1, https://goo.gl/fbAQLP

exports[`Test ChannelBanner component ChannelBanner component matches snapshot 1`] = `
<div class="app-banner-container">
  <div class="app-banner-title-container">
    <div class="app-banner-image"><img src="https://yt3.ggpht.com/a/AATXAJzt3HlB60RSLIwrWgXUfKLZeo0M_rC34JMcM0BPZw=s240-c-k-c0xffffffff-no-rj-mo" alt="BBC Learning English" class="ui tiny image circular"></div>
    <div class="app-banner-title">
      <h2 class="ui header app-banner-title-text">BBC Learning English</h2>
    </div>
  </div>
  <div>
    <app-subscribe-button-stub channelid="UCHaHD477h-FeBbVh9Sh7syA"></app-subscribe-button-stub>
  </div>
</div>
`;
